192.168.56.10 - - [28/Apr/2026:08:00:02 +0200] "GET / HTTP/1.1" 200 512
192.168.56.10 - - [28/Apr/2026:08:00:03 +0200] "GET /assets/app.css HTTP/1.1" 200 1024
192.168.56.10 - - [28/Apr/2026:08:00:03 +0200] "GET /assets/app.js HTTP/1.1" 200 4096
192.168.56.11 - - [28/Apr/2026:08:00:14 +0200] "GET /status HTTP/1.1" 200 128
192.168.56.12 - - [28/Apr/2026:08:01:07 +0200] "POST /login HTTP/1.1" 401 64
192.168.56.13 - - [28/Apr/2026:08:01:22 +0200] "GET /api/items HTTP/1.1" 200 2048
192.168.56.14 - - [28/Apr/2026:08:01:48 +0200] "GET /favicon.ico HTTP/1.1" 404 32
192.168.56.10 - - [28/Apr/2026:08:02:11 +0200] "GET /api/items HTTP/1.1" 500 96
192.168.56.11 - - [28/Apr/2026:08:02:30 +0200] "GET /status HTTP/1.1" 200 128
192.168.56.15 - - [28/Apr/2026:08:02:55 +0200] "GET /api/items/42 HTTP/1.1" 500 104
192.168.56.12 - - [28/Apr/2026:08:03:18 +0200] "POST /login HTTP/1.1" 200 256
192.168.56.16 - - [28/Apr/2026:08:03:44 +0200] "GET /admin HTTP/1.1" 403 64
192.168.56.10 - - [28/Apr/2026:08:04:02 +0200] "GET / HTTP/1.1" 200 512
192.168.56.17 - - [28/Apr/2026:08:04:33 +0200] "GET /robots.txt HTTP/1.1" 404 24
192.168.56.13 - - [28/Apr/2026:08:04:55 +0200] "GET /api/items HTTP/1.1" 200 2048
192.168.56.18 - - [28/Apr/2026:08:05:20 +0200] "POST /login HTTP/1.1" 401 64
192.168.56.11 - - [28/Apr/2026:08:05:40 +0200] "GET /status HTTP/1.1" 200 128
192.168.56.19 - - [28/Apr/2026:08:06:02 +0200] "GET /old-page HTTP/1.1" 301 0
192.168.56.20 - - [28/Apr/2026:08:06:25 +0200] "GET /api/items HTTP/1.1" 500 96
192.168.56.14 - - [28/Apr/2026:08:06:48 +0200] "GET /favicon.ico HTTP/1.1" 404 32
192.168.56.10 - - [28/Apr/2026:08:07:11 +0200] "GET /assets/app.css HTTP/1.1" 200 1024
192.168.56.10 - - [28/Apr/2026:08:07:12 +0200] "GET /assets/app.js HTTP/1.1" 200 4096
192.168.56.21 - - [28/Apr/2026:08:07:40 +0200] "POST /login HTTP/1.1" 401 64
192.168.56.22 - - [28/Apr/2026:08:08:05 +0200] "GET /index.php HTTP/1.1" 404 48
192.168.56.16 - - [28/Apr/2026:08:08:30 +0200] "GET /admin HTTP/1.1" 403 64
192.168.56.13 - - [28/Apr/2026:08:08:55 +0200] "GET /api/items HTTP/1.1" 200 2048
192.168.56.11 - - [28/Apr/2026:08:09:14 +0200] "GET /status HTTP/1.1" 200 128
192.168.56.23 - - [28/Apr/2026:08:09:38 +0200] "GET /assets/logo.png HTTP/1.1" 304 0
192.168.56.10 - - [28/Apr/2026:08:10:02 +0200] "GET / HTTP/1.1" 200 512
192.168.56.12 - - [28/Apr/2026:08:10:30 +0200] "GET /dashboard HTTP/1.1" 200 3072
192.168.56.24 - - [28/Apr/2026:08:10:55 +0200] "GET /wp-admin HTTP/1.1" 404 48
192.168.56.18 - - [28/Apr/2026:08:11:18 +0200] "POST /login HTTP/1.1" 200 256
192.168.56.15 - - [28/Apr/2026:08:11:42 +0200] "GET /api/items/42 HTTP/1.1" 500 104
192.168.56.11 - - [28/Apr/2026:08:12:00 +0200] "GET /status HTTP/1.1" 200 128
192.168.56.25 - - [28/Apr/2026:08:12:24 +0200] "POST /login HTTP/1.1" 401 64
192.168.56.14 - - [28/Apr/2026:08:12:48 +0200] "GET /favicon.ico HTTP/1.1" 404 32
192.168.56.10 - - [28/Apr/2026:08:13:11 +0200] "GET /api/items HTTP/1.1" 200 2048
192.168.56.13 - - [28/Apr/2026:08:13:35 +0200] "GET /api/items HTTP/1.1" 200 2048
192.168.56.16 - - [28/Apr/2026:08:13:58 +0200] "GET /admin HTTP/1.1" 403 64
192.168.56.26 - - [28/Apr/2026:08:14:22 +0200] "GET /sitemap.xml HTTP/1.1" 404 24
192.168.56.11 - - [28/Apr/2026:08:14:45 +0200] "GET /status HTTP/1.1" 200 128
192.168.56.19 - - [28/Apr/2026:08:15:08 +0200] "GET /old-page HTTP/1.1" 301 0
192.168.56.10 - - [28/Apr/2026:08:15:30 +0200] "GET / HTTP/1.1" 200 512
192.168.56.20 - - [28/Apr/2026:08:15:55 +0200] "GET /api/items HTTP/1.1" 500 96
192.168.56.23 - - [28/Apr/2026:08:16:18 +0200] "GET /assets/logo.png HTTP/1.1" 304 0
192.168.56.27 - - [28/Apr/2026:08:16:42 +0200] "POST /login HTTP/1.1" 401 64
192.168.56.12 - - [28/Apr/2026:08:17:05 +0200] "GET /dashboard HTTP/1.1" 200 3072
192.168.56.11 - - [28/Apr/2026:08:17:30 +0200] "GET /status HTTP/1.1" 200 128
192.168.56.14 - - [28/Apr/2026:08:17:55 +0200] "GET /favicon.ico HTTP/1.1" 404 32
192.168.56.28 - - [28/Apr/2026:08:18:18 +0200] "GET /.env HTTP/1.1" 404 24
192.168.56.13 - - [28/Apr/2026:08:18:42 +0200] "GET /api/items HTTP/1.1" 200 2048
192.168.56.10 - - [28/Apr/2026:08:19:05 +0200] "GET /assets/app.css HTTP/1.1" 200 1024
192.168.56.10 - - [28/Apr/2026:08:19:06 +0200] "GET /assets/app.js HTTP/1.1" 200 4096
192.168.56.16 - - [28/Apr/2026:08:19:30 +0200] "GET /admin HTTP/1.1" 403 64
192.168.56.18 - - [28/Apr/2026:08:19:55 +0200] "POST /login HTTP/1.1" 200 256
192.168.56.15 - - [28/Apr/2026:08:20:18 +0200] "GET /api/items/42 HTTP/1.1" 500 104
192.168.56.11 - - [28/Apr/2026:08:20:42 +0200] "GET /status HTTP/1.1" 200 128
192.168.56.29 - - [28/Apr/2026:08:21:05 +0200] "POST /login HTTP/1.1" 401 64
192.168.56.10 - - [28/Apr/2026:08:21:30 +0200] "GET / HTTP/1.1" 200 512
192.168.56.14 - - [28/Apr/2026:08:21:55 +0200] "GET /favicon.ico HTTP/1.1" 404 32
192.168.56.13 - - [28/Apr/2026:08:22:18 +0200] "GET /api/items HTTP/1.1" 200 2048
192.168.56.30 - - [28/Apr/2026:08:22:42 +0200] "GET /phpmyadmin HTTP/1.1" 404 48
192.168.56.11 - - [28/Apr/2026:08:23:05 +0200] "GET /status HTTP/1.1" 200 128
192.168.56.19 - - [28/Apr/2026:08:23:30 +0200] "GET /old-page HTTP/1.1" 301 0
192.168.56.20 - - [28/Apr/2026:08:23:55 +0200] "GET /api/items HTTP/1.1" 500 96
192.168.56.16 - - [28/Apr/2026:08:24:18 +0200] "GET /admin HTTP/1.1" 403 64
192.168.56.31 - - [28/Apr/2026:08:24:42 +0200] "POST /login HTTP/1.1" 401 64
192.168.56.12 - - [28/Apr/2026:08:25:05 +0200] "GET /dashboard HTTP/1.1" 200 3072
192.168.56.10 - - [28/Apr/2026:08:25:30 +0200] "GET /api/items HTTP/1.1" 200 2048
192.168.56.23 - - [28/Apr/2026:08:25:55 +0200] "GET /assets/logo.png HTTP/1.1" 304 0
192.168.56.11 - - [28/Apr/2026:08:26:18 +0200] "GET /status HTTP/1.1" 200 128
192.168.56.32 - - [28/Apr/2026:08:26:42 +0200] "GET /api/users HTTP/1.1" 502 0
192.168.56.14 - - [28/Apr/2026:08:27:05 +0200] "GET /favicon.ico HTTP/1.1" 404 32
192.168.56.10 - - [28/Apr/2026:08:27:30 +0200] "GET / HTTP/1.1" 200 512
192.168.56.18 - - [28/Apr/2026:08:27:55 +0200] "POST /login HTTP/1.1" 200 256
192.168.56.13 - - [28/Apr/2026:08:28:18 +0200] "GET /api/items HTTP/1.1" 200 2048
192.168.56.33 - - [28/Apr/2026:08:28:42 +0200] "GET /backup.zip HTTP/1.1" 404 32
192.168.56.16 - - [28/Apr/2026:08:29:05 +0200] "GET /admin HTTP/1.1" 403 64
192.168.56.11 - - [28/Apr/2026:08:29:30 +0200] "GET /status HTTP/1.1" 200 128
192.168.56.15 - - [28/Apr/2026:08:29:55 +0200] "GET /api/items/42 HTTP/1.1" 500 104
192.168.56.34 - - [28/Apr/2026:08:30:18 +0200] "POST /login HTTP/1.1" 401 64
192.168.56.10 - - [28/Apr/2026:08:30:42 +0200] "GET /assets/app.css HTTP/1.1" 200 1024
192.168.56.10 - - [28/Apr/2026:08:30:43 +0200] "GET /assets/app.js HTTP/1.1" 200 4096
192.168.56.12 - - [28/Apr/2026:08:31:05 +0200] "GET /dashboard HTTP/1.1" 200 3072
192.168.56.19 - - [28/Apr/2026:08:31:30 +0200] "GET /old-page HTTP/1.1" 301 0
192.168.56.14 - - [28/Apr/2026:08:31:55 +0200] "GET /favicon.ico HTTP/1.1" 404 32
192.168.56.20 - - [28/Apr/2026:08:32:18 +0200] "GET /api/items HTTP/1.1" 500 96
192.168.56.11 - - [28/Apr/2026:08:32:42 +0200] "GET /status HTTP/1.1" 200 128
192.168.56.13 - - [28/Apr/2026:08:33:05 +0200] "GET /api/items HTTP/1.1" 200 2048
192.168.56.35 - - [28/Apr/2026:08:33:30 +0200] "GET /config.php HTTP/1.1" 404 48
192.168.56.16 - - [28/Apr/2026:08:33:55 +0200] "GET /admin HTTP/1.1" 403 64
192.168.56.10 - - [28/Apr/2026:08:34:18 +0200] "GET / HTTP/1.1" 200 512
192.168.56.36 - - [28/Apr/2026:08:34:42 +0200] "POST /login HTTP/1.1" 401 64
192.168.56.11 - - [28/Apr/2026:08:35:05 +0200] "GET /status HTTP/1.1" 200 128
192.168.56.18 - - [28/Apr/2026:08:35:30 +0200] "POST /login HTTP/1.1" 200 256
192.168.56.23 - - [28/Apr/2026:08:35:55 +0200] "GET /assets/logo.png HTTP/1.1" 304 0
192.168.56.13 - - [28/Apr/2026:08:36:18 +0200] "GET /api/items HTTP/1.1" 200 2048
192.168.56.14 - - [28/Apr/2026:08:36:42 +0200] "GET /favicon.ico HTTP/1.1" 404 32
192.168.56.15 - - [28/Apr/2026:08:37:05 +0200] "GET /api/items/42 HTTP/1.1" 500 104
192.168.56.10 - - [28/Apr/2026:08:37:30 +0200] "GET /api/items HTTP/1.1" 200 2048
192.168.56.11 - - [28/Apr/2026:08:37:55 +0200] "GET /status HTTP/1.1" 200 128
192.168.56.37 - - [28/Apr/2026:08:38:18 +0200] "GET /api/users HTTP/1.1" 502 0
192.168.56.16 - - [28/Apr/2026:08:38:42 +0200] "GET /admin HTTP/1.1" 403 64
192.168.56.12 - - [28/Apr/2026:08:39:05 +0200] "GET /dashboard HTTP/1.1" 200 3072
192.168.56.38 - - [28/Apr/2026:08:39:30 +0200] "POST /login HTTP/1.1" 401 64
192.168.56.10 - - [28/Apr/2026:08:39:55 +0200] "GET / HTTP/1.1" 200 512
192.168.56.39 - - [28/Apr/2026:08:40:18 +0200] "GET /xmlrpc.php HTTP/1.1" 404 48
192.168.56.11 - - [28/Apr/2026:08:40:42 +0200] "GET /status HTTP/1.1" 200 128
192.168.56.13 - - [28/Apr/2026:08:41:05 +0200] "GET /api/items HTTP/1.1" 200 2048
192.168.56.20 - - [28/Apr/2026:08:41:30 +0200] "GET /api/items HTTP/1.1" 500 96
192.168.56.14 - - [28/Apr/2026:08:41:55 +0200] "GET /favicon.ico HTTP/1.1" 404 32
192.168.56.19 - - [28/Apr/2026:08:42:18 +0200] "GET /old-page HTTP/1.1" 301 0
192.168.56.16 - - [28/Apr/2026:08:42:42 +0200] "GET /admin HTTP/1.1" 403 64
192.168.56.10 - - [28/Apr/2026:08:43:05 +0200] "GET /assets/app.css HTTP/1.1" 200 1024
192.168.56.10 - - [28/Apr/2026:08:43:06 +0200] "GET /assets/app.js HTTP/1.1" 200 4096
192.168.56.40 - - [28/Apr/2026:08:43:30 +0200] "POST /login HTTP/1.1" 401 64
192.168.56.11 - - [28/Apr/2026:08:43:55 +0200] "GET /status HTTP/1.1" 200 128
192.168.56.12 - - [28/Apr/2026:08:44:18 +0200] "GET /dashboard HTTP/1.1" 200 3072
192.168.56.18 - - [28/Apr/2026:08:44:42 +0200] "POST /login HTTP/1.1" 200 256
192.168.56.13 - - [28/Apr/2026:08:45:05 +0200] "GET /api/items HTTP/1.1" 200 2048
192.168.56.41 - - [28/Apr/2026:08:45:30 +0200] "GET /server-status HTTP/1.1" 403 64
192.168.56.15 - - [28/Apr/2026:08:45:55 +0200] "GET /api/items/42 HTTP/1.1" 500 104
192.168.56.10 - - [28/Apr/2026:08:46:18 +0200] "GET / HTTP/1.1" 200 512
192.168.56.14 - - [28/Apr/2026:08:46:42 +0200] "GET /favicon.ico HTTP/1.1" 404 32
192.168.56.11 - - [28/Apr/2026:08:47:05 +0200] "GET /status HTTP/1.1" 200 128
192.168.56.42 - - [28/Apr/2026:08:47:30 +0200] "POST /login HTTP/1.1" 401 64
192.168.56.23 - - [28/Apr/2026:08:47:55 +0200] "GET /assets/logo.png HTTP/1.1" 304 0
192.168.56.13 - - [28/Apr/2026:08:48:18 +0200] "GET /api/items HTTP/1.1" 200 2048
192.168.56.16 - - [28/Apr/2026:08:48:42 +0200] "GET /admin HTTP/1.1" 403 64
192.168.56.10 - - [28/Apr/2026:08:49:05 +0200] "GET /api/items HTTP/1.1" 200 2048
192.168.56.43 - - [28/Apr/2026:08:49:30 +0200] "GET /.git/config HTTP/1.1" 404 32
192.168.56.11 - - [28/Apr/2026:08:49:55 +0200] "GET /status HTTP/1.1" 200 128
192.168.56.20 - - [28/Apr/2026:08:50:18 +0200] "GET /api/items HTTP/1.1" 500 96
192.168.56.12 - - [28/Apr/2026:08:50:42 +0200] "GET /dashboard HTTP/1.1" 200 3072
192.168.56.19 - - [28/Apr/2026:08:51:05 +0200] "GET /old-page HTTP/1.1" 301 0
192.168.56.44 - - [28/Apr/2026:08:51:30 +0200] "POST /login HTTP/1.1" 401 64
192.168.56.10 - - [28/Apr/2026:08:51:55 +0200] "GET / HTTP/1.1" 200 512
192.168.56.14 - - [28/Apr/2026:08:52:18 +0200] "GET /favicon.ico HTTP/1.1" 404 32
192.168.56.11 - - [28/Apr/2026:08:52:42 +0200] "GET /status HTTP/1.1" 200 128
192.168.56.13 - - [28/Apr/2026:08:53:05 +0200] "GET /api/items HTTP/1.1" 200 2048
192.168.56.16 - - [28/Apr/2026:08:53:30 +0200] "GET /admin HTTP/1.1" 403 64
192.168.56.45 - - [28/Apr/2026:08:53:55 +0200] "GET /readme.html HTTP/1.1" 404 24
192.168.56.18 - - [28/Apr/2026:08:54:18 +0200] "POST /login HTTP/1.1" 200 256
192.168.56.15 - - [28/Apr/2026:08:54:42 +0200] "GET /api/items/42 HTTP/1.1" 500 104
192.168.56.10 - - [28/Apr/2026:08:55:05 +0200] "GET /assets/app.css HTTP/1.1" 200 1024
192.168.56.10 - - [28/Apr/2026:08:55:06 +0200] "GET /assets/app.js HTTP/1.1" 200 4096
192.168.56.11 - - [28/Apr/2026:08:55:30 +0200] "GET /status HTTP/1.1" 200 128
192.168.56.46 - - [28/Apr/2026:08:55:55 +0200] "POST /login HTTP/1.1" 401 64
192.168.56.13 - - [28/Apr/2026:08:56:18 +0200] "GET /api/items HTTP/1.1" 200 2048
192.168.56.23 - - [28/Apr/2026:08:56:42 +0200] "GET /assets/logo.png HTTP/1.1" 304 0
192.168.56.16 - - [28/Apr/2026:08:57:05 +0200] "GET /admin HTTP/1.1" 403 64
192.168.56.10 - - [28/Apr/2026:08:57:30 +0200] "GET / HTTP/1.1" 200 512
192.168.56.14 - - [28/Apr/2026:08:57:55 +0200] "GET /favicon.ico HTTP/1.1" 404 32
192.168.56.20 - - [28/Apr/2026:08:58:18 +0200] "GET /api/items HTTP/1.1" 500 96
192.168.56.11 - - [28/Apr/2026:08:58:42 +0200] "GET /status HTTP/1.1" 200 128
192.168.56.47 - - [28/Apr/2026:08:59:05 +0200] "GET /api/users HTTP/1.1" 502 0
192.168.56.12 - - [28/Apr/2026:08:59:30 +0200] "GET /dashboard HTTP/1.1" 200 3072
192.168.56.48 - - [28/Apr/2026:08:59:55 +0200] "POST /login HTTP/1.1" 401 64
192.168.56.10 - - [28/Apr/2026:09:00:18 +0200] "GET /api/items HTTP/1.1" 200 2048
192.168.56.13 - - [28/Apr/2026:09:00:42 +0200] "GET /api/items HTTP/1.1" 200 2048
192.168.56.19 - - [28/Apr/2026:09:01:05 +0200] "GET /old-page HTTP/1.1" 301 0
192.168.56.11 - - [28/Apr/2026:09:01:30 +0200] "GET /status HTTP/1.1" 200 128
192.168.56.16 - - [28/Apr/2026:09:01:55 +0200] "GET /admin HTTP/1.1" 403 64
192.168.56.49 - - [28/Apr/2026:09:02:18 +0200] "GET /administrator HTTP/1.1" 404 48
192.168.56.14 - - [28/Apr/2026:09:02:42 +0200] "GET /favicon.ico HTTP/1.1" 404 32
192.168.56.18 - - [28/Apr/2026:09:03:05 +0200] "POST /login HTTP/1.1" 200 256
192.168.56.10 - - [28/Apr/2026:09:03:30 +0200] "GET / HTTP/1.1" 200 512
192.168.56.15 - - [28/Apr/2026:09:03:55 +0200] "GET /api/items/42 HTTP/1.1" 500 104
192.168.56.11 - - [28/Apr/2026:09:04:18 +0200] "GET /status HTTP/1.1" 200 128
192.168.56.13 - - [28/Apr/2026:09:04:42 +0200] "GET /api/items HTTP/1.1" 200 2048
192.168.56.50 - - [28/Apr/2026:09:05:05 +0200] "POST /login HTTP/1.1" 401 64
192.168.56.23 - - [28/Apr/2026:09:05:30 +0200] "GET /assets/logo.png HTTP/1.1" 304 0
192.168.56.16 - - [28/Apr/2026:09:05:55 +0200] "GET /admin HTTP/1.1" 403 64
192.168.56.10 - - [28/Apr/2026:09:06:18 +0200] "GET /assets/app.css HTTP/1.1" 200 1024
192.168.56.10 - - [28/Apr/2026:09:06:19 +0200] "GET /assets/app.js HTTP/1.1" 200 4096
192.168.56.20 - - [28/Apr/2026:09:06:42 +0200] "GET /api/items HTTP/1.1" 500 96
192.168.56.12 - - [28/Apr/2026:09:07:05 +0200] "GET /dashboard HTTP/1.1" 200 3072
192.168.56.14 - - [28/Apr/2026:09:07:30 +0200] "GET /favicon.ico HTTP/1.1" 404 32
192.168.56.11 - - [28/Apr/2026:09:07:55 +0200] "GET /status HTTP/1.1" 200 128
192.168.56.51 - - [28/Apr/2026:09:08:18 +0200] "GET /cgi-bin/test HTTP/1.1" 404 48
192.168.56.13 - - [28/Apr/2026:09:08:42 +0200] "GET /api/items HTTP/1.1" 200 2048
192.168.56.10 - - [28/Apr/2026:09:09:05 +0200] "GET / HTTP/1.1" 200 512
192.168.56.52 - - [28/Apr/2026:09:09:30 +0200] "POST /login HTTP/1.1" 401 64
192.168.56.16 - - [28/Apr/2026:09:09:55 +0200] "GET /admin HTTP/1.1" 403 64
192.168.56.18 - - [28/Apr/2026:09:10:18 +0200] "POST /login HTTP/1.1" 200 256
192.168.56.11 - - [28/Apr/2026:09:10:42 +0200] "GET /status HTTP/1.1" 200 128
192.168.56.15 - - [28/Apr/2026:09:11:05 +0200] "GET /api/items/42 HTTP/1.1" 500 104
192.168.56.13 - - [28/Apr/2026:09:11:30 +0200] "GET /api/items HTTP/1.1" 200 2048
192.168.56.19 - - [28/Apr/2026:09:11:55 +0200] "GET /old-page HTTP/1.1" 301 0
192.168.56.10 - - [28/Apr/2026:09:12:18 +0200] "GET /api/items HTTP/1.1" 200 2048
192.168.56.14 - - [28/Apr/2026:09:12:42 +0200] "GET /favicon.ico HTTP/1.1" 404 32
192.168.56.11 - - [28/Apr/2026:09:13:05 +0200] "GET /status HTTP/1.1" 200 128
192.168.56.53 - - [28/Apr/2026:09:13:30 +0200] "GET /vendor/phpunit HTTP/1.1" 404 48
192.168.56.16 - - [28/Apr/2026:09:13:55 +0200] "GET /admin HTTP/1.1" 403 64
192.168.56.20 - - [28/Apr/2026:09:14:18 +0200] "GET /api/items HTTP/1.1" 500 96
192.168.56.12 - - [28/Apr/2026:09:14:42 +0200] "GET /dashboard HTTP/1.1" 200 3072
192.168.56.10 - - [28/Apr/2026:09:15:05 +0200] "GET / HTTP/1.1" 200 512
192.168.56.54 - - [28/Apr/2026:09:15:30 +0200] "POST /login HTTP/1.1" 401 64
192.168.56.13 - - [28/Apr/2026:09:15:55 +0200] "GET /api/items HTTP/1.1" 200 2048
192.168.56.23 - - [28/Apr/2026:09:16:18 +0200] "GET /assets/logo.png HTTP/1.1" 304 0
192.168.56.11 - - [28/Apr/2026:09:16:42 +0200] "GET /status HTTP/1.1" 200 128
192.168.56.55 - - [28/Apr/2026:09:17:05 +0200] "GET /api/users HTTP/1.1" 502 0
192.168.56.18 - - [28/Apr/2026:09:17:30 +0200] "POST /login HTTP/1.1" 200 256
192.168.56.10 - - [28/Apr/2026:09:17:55 +0200] "GET /api/items HTTP/1.1" 200 2048
192.168.56.14 - - [28/Apr/2026:09:18:18 +0200] "GET /favicon.ico HTTP/1.1" 404 32
192.168.56.16 - - [28/Apr/2026:09:18:42 +0200] "GET /admin HTTP/1.1" 403 64
192.168.56.13 - - [28/Apr/2026:09:19:05 +0200] "GET /api/items HTTP/1.1" 200 2048
192.168.56.11 - - [28/Apr/2026:09:19:30 +0200] "GET /status HTTP/1.1" 200 128
192.168.56.16 - - [28/Apr/2026:09:19:30 +0200] "GET /admin HTTP/1.1" 403 64
192.168.56.13 - - [28/Apr/2026:09:19:59 +0200] "POST /login HTTP/1.1" 200 256
192.168.56.18 - - [28/Apr/2026:09:20:19 +0200] "GET /old-page HTTP/1.1" 301 0
192.168.56.31 - - [28/Apr/2026:09:20:46 +0200] "POST /login HTTP/1.1" 401 64
192.168.56.10 - - [28/Apr/2026:09:21:05 +0200] "GET / HTTP/1.1" 200 512
192.168.56.10 - - [28/Apr/2026:09:21:31 +0200] "GET /dashboard HTTP/1.1" 200 3072
192.168.56.47 - - [28/Apr/2026:09:21:52 +0200] "POST /login HTTP/1.1" 401 64
192.168.56.15 - - [28/Apr/2026:09:22:22 +0200] "GET /api/users HTTP/1.1" 200 1024
192.168.56.13 - - [28/Apr/2026:09:22:45 +0200] "POST /login HTTP/1.1" 200 256
192.168.56.12 - - [28/Apr/2026:09:23:15 +0200] "POST /login HTTP/1.1" 200 256
192.168.56.11 - - [28/Apr/2026:09:23:39 +0200] "GET /status HTTP/1.1" 200 128
192.168.56.14 - - [28/Apr/2026:09:24:10 +0200] "POST /login HTTP/1.1" 200 256
192.168.56.11 - - [28/Apr/2026:09:24:40 +0200] "GET /status HTTP/1.1" 200 128
192.168.56.22 - - [28/Apr/2026:09:25:05 +0200] "GET /favicon.ico HTTP/1.1" 404 32
192.168.56.23 - - [28/Apr/2026:09:25:24 +0200] "GET /assets/logo.png HTTP/1.1" 304 0
203.0.113.42 - - [28/Apr/2026:09:25:55 +0200] "GET /admin HTTP/1.1" 403 64
192.168.56.10 - - [28/Apr/2026:09:26:22 +0200] "GET / HTTP/1.1" 200 512
203.0.113.42 - - [28/Apr/2026:09:26:40 +0200] "GET /admin HTTP/1.1" 403 64
192.168.56.13 - - [28/Apr/2026:09:26:59 +0200] "GET /api/users HTTP/1.1" 200 1024
192.168.56.21 - - [28/Apr/2026:09:27:21 +0200] "GET /favicon.ico HTTP/1.1" 404 32
192.168.56.43 - - [28/Apr/2026:09:27:41 +0200] "POST /login HTTP/1.1" 401 64
192.168.56.12 - - [28/Apr/2026:09:28:09 +0200] "POST /login HTTP/1.1" 200 256
203.0.113.91 - - [28/Apr/2026:09:28:36 +0200] "GET /admin HTTP/1.1" 403 64
192.168.56.10 - - [28/Apr/2026:09:29:05 +0200] "GET /dashboard HTTP/1.1" 200 3072
192.168.56.13 - - [28/Apr/2026:09:29:29 +0200] "POST /login HTTP/1.1" 200 256
192.168.56.12 - - [28/Apr/2026:09:29:57 +0200] "POST /login HTTP/1.1" 200 256
192.168.56.20 - - [28/Apr/2026:09:30:18 +0200] "GET /api/users HTTP/1.1" 200 1024
192.168.56.11 - - [28/Apr/2026:09:30:40 +0200] "GET /status HTTP/1.1" 200 128
192.168.56.20 - - [28/Apr/2026:09:31:12 +0200] "GET /api/items HTTP/1.1" 200 2048
192.168.56.24 - - [28/Apr/2026:09:31:40 +0200] "GET /favicon.ico HTTP/1.1" 404 32
192.168.56.13 - - [28/Apr/2026:09:32:00 +0200] "POST /login HTTP/1.1" 200 256
192.168.56.23 - - [28/Apr/2026:09:32:29 +0200] "GET /assets/logo.png HTTP/1.1" 304 0
192.168.56.19 - - [28/Apr/2026:09:32:51 +0200] "GET /old-page HTTP/1.1" 301 0
192.168.56.23 - - [28/Apr/2026:09:33:23 +0200] "GET /assets/logo.png HTTP/1.1" 304 0
192.168.56.10 - - [28/Apr/2026:09:33:46 +0200] "GET /api/items HTTP/1.1" 200 2048
192.168.56.11 - - [28/Apr/2026:09:34:12 +0200] "GET /favicon.ico HTTP/1.1" 404 32
192.168.56.10 - - [28/Apr/2026:09:34:43 +0200] "GET /api/items HTTP/1.1" 200 2048
192.168.56.68 - - [28/Apr/2026:09:35:13 +0200] "POST /login HTTP/1.1" 401 64
192.168.56.10 - - [28/Apr/2026:09:35:26 +0200] "GET /api/items/checkout HTTP/1.1" 500 104
192.168.56.20 - - [28/Apr/2026:09:35:46 +0200] "GET /api/items/checkout HTTP/1.1" 500 96
192.168.56.64 - - [28/Apr/2026:09:36:08 +0200] "POST /login HTTP/1.1" 401 64
192.168.56.20 - - [28/Apr/2026:09:36:24 +0200] "GET /favicon.ico HTTP/1.1" 404 32
192.168.56.15 - - [28/Apr/2026:09:36:37 +0200] "GET /api/items HTTP/1.1" 500 104
192.168.56.18 - - [28/Apr/2026:09:36:49 +0200] "GET /search?q=server HTTP/1.1" 200 896
192.168.56.13 - - [28/Apr/2026:09:37:03 +0200] "GET /api/items HTTP/1.1" 500 112
192.168.56.16 - - [28/Apr/2026:09:37:19 +0200] "GET /assets/app.js HTTP/1.1" 200 4096
192.168.56.10 - - [28/Apr/2026:09:37:36 +0200] "GET /favicon.ico HTTP/1.1" 404 32
192.168.56.25 - - [28/Apr/2026:09:37:57 +0200] "GET /api/items HTTP/1.1" 500 96
192.168.56.19 - - [28/Apr/2026:09:38:14 +0200] "GET /api/items HTTP/1.1" 200 2048
192.168.56.10 - - [28/Apr/2026:09:38:26 +0200] "GET /api/items/checkout HTTP/1.1" 500 96
192.168.56.34 - - [28/Apr/2026:09:38:39 +0200] "POST /login HTTP/1.1" 401 64
192.168.56.14 - - [28/Apr/2026:09:38:59 +0200] "GET /favicon.ico HTTP/1.1" 404 32
192.168.56.20 - - [28/Apr/2026:09:39:21 +0200] "GET /api/items/checkout HTTP/1.1" 500 96
192.168.56.15 - - [28/Apr/2026:09:39:37 +0200] "GET /api/items/checkout HTTP/1.1" 500 104
192.168.56.16 - - [28/Apr/2026:09:39:52 +0200] "GET /dashboard HTTP/1.1" 200 3072
192.168.56.21 - - [28/Apr/2026:09:40:10 +0200] "GET /profile HTTP/1.1" 200 768
192.168.56.10 - - [28/Apr/2026:09:40:30 +0200] "GET /api/items HTTP/1.1" 500 96
192.168.56.13 - - [28/Apr/2026:09:40:43 +0200] "GET /api/items/checkout HTTP/1.1" 500 112
192.168.56.11 - - [28/Apr/2026:09:40:58 +0200] "GET /status HTTP/1.1" 200 128
192.168.56.20 - - [28/Apr/2026:09:41:10 +0200] "GET /api/items/checkout HTTP/1.1" 500 96
192.168.56.18 - - [28/Apr/2026:09:41:25 +0200] "GET /api/items HTTP/1.1" 500 104
192.168.56.11 - - [28/Apr/2026:09:41:38 +0200] "GET /status HTTP/1.1" 200 128
192.168.56.43 - - [28/Apr/2026:09:41:54 +0200] "POST /login HTTP/1.1" 401 64
192.168.56.11 - - [28/Apr/2026:09:42:14 +0200] "GET /status HTTP/1.1" 200 128
192.168.56.11 - - [28/Apr/2026:09:42:35 +0200] "GET /status HTTP/1.1" 200 128
192.168.56.23 - - [28/Apr/2026:09:42:50 +0200] "GET /favicon.ico HTTP/1.1" 404 32
192.168.56.11 - - [28/Apr/2026:09:43:05 +0200] "GET /status HTTP/1.1" 200 128
192.168.56.11 - - [28/Apr/2026:09:43:27 +0200] "GET /status HTTP/1.1" 200 128
192.168.56.11 - - [28/Apr/2026:09:43:45 +0200] "GET /status HTTP/1.1" 200 128
192.168.56.36 - - [28/Apr/2026:09:43:57 +0200] "POST /login HTTP/1.1" 401 64
192.168.56.11 - - [28/Apr/2026:09:44:09 +0200] "GET /status HTTP/1.1" 200 128
192.168.56.13 - - [28/Apr/2026:09:44:26 +0200] "GET /api/items HTTP/1.1" 200 2048
192.168.56.11 - - [28/Apr/2026:09:44:41 +0200] "GET /status HTTP/1.1" 200 128
192.168.56.11 - - [28/Apr/2026:09:45:00 +0200] "GET /status HTTP/1.1" 200 128
192.168.56.11 - - [28/Apr/2026:09:45:14 +0200] "GET /status HTTP/1.1" 200 128
192.168.56.12 - - [28/Apr/2026:09:45:29 +0200] "GET /profile HTTP/1.1" 200 768
192.168.56.11 - - [28/Apr/2026:09:45:49 +0200] "GET /status HTTP/1.1" 200 128
192.168.56.10 - - [28/Apr/2026:09:46:11 +0200] "GET /assets/app.css HTTP/1.1" 200 1024
192.168.56.11 - - [28/Apr/2026:09:46:26 +0200] "GET /status HTTP/1.1" 200 128
192.168.56.11 - - [28/Apr/2026:09:46:45 +0200] "GET /status HTTP/1.1" 200 128
192.168.56.15 - - [28/Apr/2026:09:47:03 +0200] "GET /api/users HTTP/1.1" 200 1024
192.168.56.18 - - [28/Apr/2026:09:47:15 +0200] "GET /profile HTTP/1.1" 200 768
192.168.56.11 - - [28/Apr/2026:09:47:31 +0200] "GET /status HTTP/1.1" 200 128
192.168.56.61 - - [28/Apr/2026:09:47:51 +0200] "POST /login HTTP/1.1" 401 64
192.168.56.11 - - [28/Apr/2026:09:48:05 +0200] "GET /status HTTP/1.1" 200 128
192.168.56.11 - - [28/Apr/2026:09:48:20 +0200] "GET /api/items/42 HTTP/1.1" 200 1536
192.168.56.11 - - [28/Apr/2026:09:48:32 +0200] "GET /status HTTP/1.1" 200 128
192.168.56.11 - - [28/Apr/2026:09:48:51 +0200] "GET /status HTTP/1.1" 200 128
192.168.56.11 - - [28/Apr/2026:09:49:11 +0200] "GET /status HTTP/1.1" 200 128
192.168.56.11 - - [28/Apr/2026:09:49:31 +0200] "GET /status HTTP/1.1" 200 128
192.168.56.11 - - [28/Apr/2026:09:49:45 +0200] "GET /status HTTP/1.1" 200 128
192.168.56.45 - - [28/Apr/2026:09:49:58 +0200] "POST /login HTTP/1.1" 401 64
192.168.56.10 - - [28/Apr/2026:09:50:16 +0200] "GET /api/items HTTP/1.1" 200 2048
192.168.56.23 - - [28/Apr/2026:09:50:32 +0200] "GET /favicon.ico HTTP/1.1" 404 32
192.168.56.16 - - [28/Apr/2026:09:50:57 +0200] "GET /api/items/42 HTTP/1.1" 200 1536
192.168.56.14 - - [28/Apr/2026:09:51:19 +0200] "GET /dashboard HTTP/1.1" 200 3072
192.168.56.12 - - [28/Apr/2026:09:51:48 +0200] "GET / HTTP/1.1" 200 512
192.168.56.23 - - [28/Apr/2026:09:52:17 +0200] "GET /assets/logo.png HTTP/1.1" 304 0
192.168.56.11 - - [28/Apr/2026:09:52:35 +0200] "GET /status HTTP/1.1" 200 128
192.168.56.38 - - [28/Apr/2026:09:52:56 +0200] "POST /login HTTP/1.1" 401 64
192.168.56.17 - - [28/Apr/2026:09:53:22 +0200] "GET /api/items/42 HTTP/1.1" 200 1536
192.168.56.10 - - [28/Apr/2026:09:53:46 +0200] "GET /search?q=server HTTP/1.1" 200 896
192.168.56.10 - - [28/Apr/2026:09:54:10 +0200] "GET /favicon.ico HTTP/1.1" 404 32
192.168.56.13 - - [28/Apr/2026:09:54:34 +0200] "GET /assets/app.js HTTP/1.1" 200 4096
192.168.56.10 - - [28/Apr/2026:09:54:57 +0200] "GET /assets/app.css HTTP/1.1" 200 1024
192.168.56.16 - - [28/Apr/2026:09:55:16 +0200] "GET /api/items/42 HTTP/1.1" 200 1536
192.168.56.23 - - [28/Apr/2026:09:55:37 +0200] "GET /assets/logo.png HTTP/1.1" 304 0
192.168.56.46 - - [28/Apr/2026:09:56:00 +0200] "POST /login HTTP/1.1" 401 64
192.168.56.11 - - [28/Apr/2026:09:56:16 +0200] "GET /status HTTP/1.1" 200 128
203.0.113.42 - - [28/Apr/2026:09:56:44 +0200] "GET /admin HTTP/1.1" 403 64
192.168.56.14 - - [28/Apr/2026:09:56:59 +0200] "GET /dashboard HTTP/1.1" 200 3072
192.168.56.23 - - [28/Apr/2026:09:57:19 +0200] "GET /old-page HTTP/1.1" 301 0
192.168.56.10 - - [28/Apr/2026:09:57:34 +0200] "GET /assets/app.js HTTP/1.1" 200 4096
203.0.113.42 - - [28/Apr/2026:09:57:50 +0200] "GET /admin HTTP/1.1" 403 64
192.168.56.10 - - [28/Apr/2026:09:58:18 +0200] "GET /dashboard HTTP/1.1" 200 3072
192.168.56.11 - - [28/Apr/2026:09:58:44 +0200] "GET /api/items/42 HTTP/1.1" 200 1536
192.168.56.23 - - [28/Apr/2026:09:59:05 +0200] "GET /assets/logo.png HTTP/1.1" 304 0
192.168.56.16 - - [28/Apr/2026:09:59:23 +0200] "POST /login HTTP/1.1" 200 256
192.168.56.14 - - [28/Apr/2026:09:59:51 +0200] "GET /api/items HTTP/1.1" 200 2048
192.168.56.15 - - [28/Apr/2026:10:00:11 +0200] "GET /api/users HTTP/1.1" 200 1024
192.168.56.10 - - [28/Apr/2026:10:00:26 +0200] "GET /api/items/42 HTTP/1.1" 200 1536
203.0.113.42 - - [28/Apr/2026:10:00:54 +0200] "GET /admin HTTP/1.1" 403 64
192.168.56.10 - - [28/Apr/2026:10:01:17 +0200] "GET /assets/app.css HTTP/1.1" 200 1024
192.168.56.25 - - [28/Apr/2026:10:01:44 +0200] "GET /api/items HTTP/1.1" 200 2048
192.168.56.16 - - [28/Apr/2026:10:02:05 +0200] "GET /admin HTTP/1.1" 403 64
192.168.56.17 - - [28/Apr/2026:10:02:31 +0200] "GET /api/items HTTP/1.1" 200 2048
192.168.56.23 - - [28/Apr/2026:10:02:46 +0200] "GET /assets/logo.png HTTP/1.1" 304 0
192.168.56.12 - - [28/Apr/2026:10:03:13 +0200] "GET /dashboard HTTP/1.1" 200 3072
192.168.56.23 - - [28/Apr/2026:10:03:39 +0200] "GET /assets/logo.png HTTP/1.1" 304 0
192.168.56.23 - - [28/Apr/2026:10:04:06 +0200] "GET /assets/logo.png HTTP/1.1" 304 0
192.168.56.13 - - [28/Apr/2026:10:04:31 +0200] "GET /dashboard HTTP/1.1" 200 3072
192.168.56.18 - - [28/Apr/2026:10:04:51 +0200] "GET /favicon.ico HTTP/1.1" 404 32
192.168.56.10 - - [28/Apr/2026:10:05:07 +0200] "GET /api/users HTTP/1.1" 200 1024
192.168.56.20 - - [28/Apr/2026:10:05:33 +0200] "GET /old-page HTTP/1.1" 301 0
192.168.56.13 - - [28/Apr/2026:10:06:01 +0200] "GET /favicon.ico HTTP/1.1" 404 32
192.168.56.16 - - [28/Apr/2026:10:06:28 +0200] "GET /dashboard HTTP/1.1" 200 3072
192.168.56.10 - - [28/Apr/2026:10:06:44 +0200] "GET /old-page HTTP/1.1" 301 0
192.168.56.12 - - [28/Apr/2026:10:07:05 +0200] "POST /login HTTP/1.1" 200 256
192.168.56.23 - - [28/Apr/2026:10:07:30 +0200] "GET /assets/logo.png HTTP/1.1" 304 0
192.168.56.19 - - [28/Apr/2026:10:07:48 +0200] "GET /old-page HTTP/1.1" 301 0
192.168.56.23 - - [28/Apr/2026:10:08:12 +0200] "GET /assets/logo.png HTTP/1.1" 304 0
192.168.56.14 - - [28/Apr/2026:10:08:37 +0200] "POST /login HTTP/1.1" 200 256
192.168.56.10 - - [28/Apr/2026:10:08:56 +0200] "GET /api/users HTTP/1.1" 200 1024
192.168.56.19 - - [28/Apr/2026:10:09:16 +0200] "GET /favicon.ico HTTP/1.1" 404 32
192.168.56.30 - - [28/Apr/2026:10:09:43 +0200] "POST /login HTTP/1.1" 401 64
192.168.56.23 - - [28/Apr/2026:10:10:07 +0200] "GET /api/items/42 HTTP/1.1" 200 1536
192.168.56.17 - - [28/Apr/2026:10:10:36 +0200] "POST /login HTTP/1.1" 200 256
192.168.56.40 - - [28/Apr/2026:10:10:57 +0200] "POST /login HTTP/1.1" 401 64
192.168.56.20 - - [28/Apr/2026:10:11:14 +0200] "GET /assets/app.css HTTP/1.1" 200 1024
192.168.56.23 - - [28/Apr/2026:10:11:36 +0200] "GET /assets/logo.png HTTP/1.1" 304 0
203.0.113.42 - - [28/Apr/2026:10:11:58 +0200] "GET /admin HTTP/1.1" 403 64
192.168.56.11 - - [28/Apr/2026:10:12:13 +0200] "GET /status HTTP/1.1" 200 128
192.168.56.12 - - [28/Apr/2026:10:12:43 +0200] "GET /favicon.ico HTTP/1.1" 404 32
192.168.56.17 - - [28/Apr/2026:10:13:12 +0200] "POST /login HTTP/1.1" 200 256
192.168.56.22 - - [28/Apr/2026:10:13:33 +0200] "GET /old-page HTTP/1.1" 301 0
192.168.56.13 - - [28/Apr/2026:10:14:03 +0200] "POST /login HTTP/1.1" 200 256
192.168.56.13 - - [28/Apr/2026:10:14:18 +0200] "GET /api/users HTTP/1.1" 200 1024
192.168.56.10 - - [28/Apr/2026:10:14:40 +0200] "GET /search?q=server HTTP/1.1" 200 896
192.168.56.11 - - [28/Apr/2026:10:15:09 +0200] "GET /status HTTP/1.1" 200 128
192.168.56.13 - - [28/Apr/2026:10:15:31 +0200] "GET /profile HTTP/1.1" 200 768
192.168.56.16 - - [28/Apr/2026:10:15:50 +0200] "GET /admin HTTP/1.1" 403 64
192.168.56.23 - - [28/Apr/2026:10:16:19 +0200] "GET /favicon.ico HTTP/1.1" 404 32
192.168.56.25 - - [28/Apr/2026:10:16:48 +0200] "GET /profile HTTP/1.1" 200 768
192.168.56.18 - - [28/Apr/2026:10:17:11 +0200] "GET /old-page HTTP/1.1" 301 0
192.168.56.23 - - [28/Apr/2026:10:17:41 +0200] "GET /assets/logo.png HTTP/1.1" 304 0
192.168.56.17 - - [28/Apr/2026:10:18:04 +0200] "POST /login HTTP/1.1" 200 256
192.168.56.10 - - [28/Apr/2026:10:18:28 +0200] "GET /api/items/42 HTTP/1.1" 200 1536
192.168.56.12 - - [28/Apr/2026:10:18:53 +0200] "GET /assets/app.js HTTP/1.1" 200 4096
192.168.56.10 - - [28/Apr/2026:10:19:12 +0200] "GET /assets/app.js HTTP/1.1" 200 4096
192.168.56.11 - - [28/Apr/2026:10:19:33 +0200] "GET /status HTTP/1.1" 200 128
192.168.56.24 - - [28/Apr/2026:10:20:01 +0200] "GET /api/users HTTP/1.1" 200 1024
192.168.56.10 - - [28/Apr/2026:10:20:17 +0200] "GET /api/users HTTP/1.1" 200 1024
192.168.56.10 - - [28/Apr/2026:10:20:44 +0200] "GET /api/users HTTP/1.1" 200 1024
192.168.56.11 - - [28/Apr/2026:10:21:14 +0200] "GET /status HTTP/1.1" 200 128
192.168.56.22 - - [28/Apr/2026:10:21:40 +0200] "GET /api/users HTTP/1.1" 200 1024
192.168.56.47 - - [28/Apr/2026:10:22:02 +0200] "POST /login HTTP/1.1" 401 64
192.168.56.54 - - [28/Apr/2026:10:22:30 +0200] "POST /login HTTP/1.1" 401 64
192.168.56.23 - - [28/Apr/2026:10:22:55 +0200] "GET /assets/logo.png HTTP/1.1" 304 0
192.168.56.24 - - [28/Apr/2026:10:23:22 +0200] "GET /old-page HTTP/1.1" 301 0
192.168.56.10 - - [28/Apr/2026:10:23:41 +0200] "GET /api/users HTTP/1.1" 200 1024
192.168.56.11 - - [28/Apr/2026:10:23:56 +0200] "GET /status HTTP/1.1" 200 128
192.168.56.10 - - [28/Apr/2026:10:24:24 +0200] "GET /profile HTTP/1.1" 200 768
192.168.56.11 - - [28/Apr/2026:10:24:44 +0200] "GET /status HTTP/1.1" 200 128
192.168.56.24 - - [28/Apr/2026:10:25:11 +0200] "GET /api/items/42 HTTP/1.1" 200 1536
192.168.56.22 - - [28/Apr/2026:10:25:36 +0200] "GET /old-page HTTP/1.1" 301 0
192.168.56.23 - - [28/Apr/2026:10:25:59 +0200] "GET /old-page HTTP/1.1" 301 0
192.168.56.16 - - [28/Apr/2026:10:26:22 +0200] "GET /admin HTTP/1.1" 403 64
192.168.56.11 - - [28/Apr/2026:10:26:37 +0200] "GET /old-page HTTP/1.1" 301 0
192.168.56.10 - - [28/Apr/2026:10:27:03 +0200] "GET /assets/app.css HTTP/1.1" 200 1024
192.168.56.17 - - [28/Apr/2026:10:27:19 +0200] "GET /old-page HTTP/1.1" 301 0
203.0.113.42 - - [28/Apr/2026:10:27:40 +0200] "GET /admin HTTP/1.1" 403 64
192.168.56.10 - - [28/Apr/2026:10:28:02 +0200] "GET /assets/app.css HTTP/1.1" 200 1024
192.168.56.46 - - [28/Apr/2026:10:28:23 +0200] "POST /login HTTP/1.1" 401 64
192.168.56.10 - - [28/Apr/2026:10:28:49 +0200] "GET /assets/app.css HTTP/1.1" 200 1024
192.168.56.13 - - [28/Apr/2026:10:29:09 +0200] "GET / HTTP/1.1" 200 512
192.168.56.22 - - [28/Apr/2026:10:29:33 +0200] "GET /favicon.ico HTTP/1.1" 404 32
192.168.56.16 - - [28/Apr/2026:10:30:00 +0200] "GET /assets/app.css HTTP/1.1" 200 1024
192.168.56.17 - - [28/Apr/2026:10:30:19 +0200] "GET /assets/app.css HTTP/1.1" 200 1024
192.168.56.13 - - [28/Apr/2026:10:30:40 +0200] "GET / HTTP/1.1" 200 512
192.168.56.11 - - [28/Apr/2026:10:30:55 +0200] "GET /status HTTP/1.1" 200 128
91.218.114.72 - - [28/Apr/2026:10:31:15 +0200] "GET /administrator HTTP/1.1" 404 48
45.142.122.18 - - [28/Apr/2026:10:31:30 +0200] "GET /vendor/phpunit HTTP/1.1" 404 48
185.220.101.5 - - [28/Apr/2026:10:31:41 +0200] "GET /administrator HTTP/1.1" 404 48
192.168.56.23 - - [28/Apr/2026:10:31:58 +0200] "GET /assets/app.js HTTP/1.1" 200 4096
192.168.56.11 - - [28/Apr/2026:10:32:19 +0200] "GET /status HTTP/1.1" 200 128
91.218.114.72 - - [28/Apr/2026:10:32:39 +0200] "GET /config.json HTTP/1.1" 404 32
192.168.56.11 - - [28/Apr/2026:10:32:56 +0200] "GET /status HTTP/1.1" 200 128
192.168.56.50 - - [28/Apr/2026:10:33:17 +0200] "POST /login HTTP/1.1" 401 64
192.168.56.12 - - [28/Apr/2026:10:33:30 +0200] "GET /dashboard HTTP/1.1" 200 3072
45.142.122.18 - - [28/Apr/2026:10:33:47 +0200] "GET /admin HTTP/1.1" 403 64
192.168.56.20 - - [28/Apr/2026:10:34:06 +0200] "GET / HTTP/1.1" 200 512
192.168.56.15 - - [28/Apr/2026:10:34:23 +0200] "GET /profile HTTP/1.1" 200 768
185.220.101.5 - - [28/Apr/2026:10:34:36 +0200] "GET /cgi-bin/test HTTP/1.1" 404 48
192.168.56.18 - - [28/Apr/2026:10:34:50 +0200] "GET /search?q=server HTTP/1.1" 200 896
192.168.56.11 - - [28/Apr/2026:10:35:00 +0200] "GET /status HTTP/1.1" 200 128
162.158.74.91 - - [28/Apr/2026:10:35:13 +0200] "GET /xmlrpc.php HTTP/1.1" 404 48
192.168.56.45 - - [28/Apr/2026:10:35:30 +0200] "POST /login HTTP/1.1" 401 64
192.168.56.11 - - [28/Apr/2026:10:35:51 +0200] "GET /status HTTP/1.1" 200 128
192.168.56.11 - - [28/Apr/2026:10:36:12 +0200] "GET /status HTTP/1.1" 200 128
185.220.101.5 - - [28/Apr/2026:10:36:34 +0200] "GET /.git/config HTTP/1.1" 404 32
192.168.56.19 - - [28/Apr/2026:10:36:50 +0200] "GET /api/items/42 HTTP/1.1" 200 1536
192.168.56.52 - - [28/Apr/2026:10:37:07 +0200] "POST /login HTTP/1.1" 401 64
192.168.56.20 - - [28/Apr/2026:10:37:23 +0200] "GET /api/items/42 HTTP/1.1" 200 1536
192.168.56.11 - - [28/Apr/2026:10:37:44 +0200] "GET /status HTTP/1.1" 200 128
203.0.113.42 - - [28/Apr/2026:10:37:58 +0200] "GET /.aws/credentials HTTP/1.1" 404 32
162.158.74.91 - - [28/Apr/2026:10:38:11 +0200] "GET /server-status HTTP/1.1" 403 64
192.168.56.16 - - [28/Apr/2026:10:38:33 +0200] "GET /api/items HTTP/1.1" 200 2048
192.168.56.11 - - [28/Apr/2026:10:38:54 +0200] "GET /status HTTP/1.1" 200 128
192.168.56.63 - - [28/Apr/2026:10:39:15 +0200] "POST /login HTTP/1.1" 401 64
203.0.113.42 - - [28/Apr/2026:10:39:34 +0200] "GET /.git/config HTTP/1.1" 404 32
203.0.113.91 - - [28/Apr/2026:10:39:48 +0200] "GET /phpmyadmin/ HTTP/1.1" 404 48
192.168.56.14 - - [28/Apr/2026:10:39:58 +0200] "GET /dashboard HTTP/1.1" 200 3072
192.168.56.19 - - [28/Apr/2026:10:40:08 +0200] "GET /assets/app.js HTTP/1.1" 200 4096
192.168.56.25 - - [28/Apr/2026:10:40:28 +0200] "GET /assets/app.css HTTP/1.1" 200 1024
192.168.56.60 - - [28/Apr/2026:10:40:38 +0200] "POST /login HTTP/1.1" 401 64
203.0.113.91 - - [28/Apr/2026:10:40:55 +0200] "GET /wp-login.php HTTP/1.1" 404 48
192.168.56.25 - - [28/Apr/2026:10:41:09 +0200] "GET /assets/app.css HTTP/1.1" 200 1024
203.0.113.42 - - [28/Apr/2026:10:41:20 +0200] "GET /admin HTTP/1.1" 403 64
192.168.56.14 - - [28/Apr/2026:10:41:40 +0200] "GET /assets/app.js HTTP/1.1" 200 4096
192.168.56.49 - - [28/Apr/2026:10:42:02 +0200] "POST /login HTTP/1.1" 401 64
192.168.56.13 - - [28/Apr/2026:10:42:13 +0200] "GET /search?q=server HTTP/1.1" 200 896
91.218.114.72 - - [28/Apr/2026:10:42:35 +0200] "GET /config.json HTTP/1.1" 404 32
91.218.114.72 - - [28/Apr/2026:10:42:54 +0200] "GET /xmlrpc.php HTTP/1.1" 404 48
192.168.56.19 - - [28/Apr/2026:10:43:11 +0200] "GET /api/users HTTP/1.1" 200 1024
192.168.56.33 - - [28/Apr/2026:10:43:25 +0200] "POST /login HTTP/1.1" 401 64
192.168.56.13 - - [28/Apr/2026:10:43:44 +0200] "GET /api/items HTTP/1.1" 200 2048
162.158.74.91 - - [28/Apr/2026:10:44:04 +0200] "GET /wp-admin/ HTTP/1.1" 404 48
91.218.114.72 - - [28/Apr/2026:10:44:16 +0200] "GET /wp-admin/ HTTP/1.1" 404 48
45.142.122.18 - - [28/Apr/2026:10:44:28 +0200] "GET /.aws/credentials HTTP/1.1" 404 32
192.168.56.11 - - [28/Apr/2026:10:44:47 +0200] "GET /status HTTP/1.1" 200 128
162.158.74.91 - - [28/Apr/2026:10:44:57 +0200] "GET /phpmyadmin/ HTTP/1.1" 404 48
192.168.56.12 - - [28/Apr/2026:10:45:18 +0200] "GET /api/items HTTP/1.1" 200 2048
192.168.56.16 - - [28/Apr/2026:10:45:32 +0200] "GET /api/users HTTP/1.1" 200 1024
192.168.56.11 - - [28/Apr/2026:10:45:43 +0200] "GET /status HTTP/1.1" 200 128
185.220.101.5 - - [28/Apr/2026:10:46:03 +0200] "GET /.env HTTP/1.1" 404 32
185.220.101.5 - - [28/Apr/2026:10:46:14 +0200] "GET /admin HTTP/1.1" 403 64
192.168.56.19 - - [28/Apr/2026:10:46:35 +0200] "GET /profile HTTP/1.1" 200 768
192.168.56.11 - - [28/Apr/2026:10:46:46 +0200] "GET /status HTTP/1.1" 200 128
192.168.56.18 - - [28/Apr/2026:10:47:00 +0200] "GET /search?q=server HTTP/1.1" 200 896
192.168.56.11 - - [28/Apr/2026:10:47:18 +0200] "GET /status HTTP/1.1" 200 128
192.168.56.57 - - [28/Apr/2026:10:47:29 +0200] "POST /login HTTP/1.1" 401 64
185.220.101.5 - - [28/Apr/2026:10:47:50 +0200] "GET /wp-login.php HTTP/1.1" 404 48
162.158.74.91 - - [28/Apr/2026:10:48:01 +0200] "GET /admin HTTP/1.1" 403 64
192.168.56.18 - - [28/Apr/2026:10:48:20 +0200] "GET / HTTP/1.1" 200 512
192.168.56.25 - - [28/Apr/2026:10:48:42 +0200] "GET /search?q=server HTTP/1.1" 200 896
185.220.101.5 - - [28/Apr/2026:10:49:02 +0200] "GET /.env HTTP/1.1" 404 32
45.142.122.18 - - [28/Apr/2026:10:49:21 +0200] "GET /wp-admin/ HTTP/1.1" 404 48
185.220.101.5 - - [28/Apr/2026:10:49:38 +0200] "GET /cgi-bin/test HTTP/1.1" 404 48
203.0.113.91 - - [28/Apr/2026:10:49:58 +0200] "GET /cgi-bin/test HTTP/1.1" 404 48
192.168.56.19 - - [28/Apr/2026:10:50:14 +0200] "GET /api/users HTTP/1.1" 200 1024
192.168.56.59 - - [28/Apr/2026:10:50:36 +0200] "POST /login HTTP/1.1" 401 64
185.220.101.5 - - [28/Apr/2026:10:50:47 +0200] "GET /wp-admin/ HTTP/1.1" 404 48
91.218.114.72 - - [28/Apr/2026:10:51:09 +0200] "GET /wp-login.php HTTP/1.1" 404 48
192.168.56.24 - - [28/Apr/2026:10:51:29 +0200] "GET /api/users HTTP/1.1" 200 1024
185.220.101.5 - - [28/Apr/2026:10:51:39 +0200] "GET /admin HTTP/1.1" 403 64
192.168.56.11 - - [28/Apr/2026:10:52:01 +0200] "GET /status HTTP/1.1" 200 128
192.168.56.16 - - [28/Apr/2026:10:52:18 +0200] "GET /dashboard HTTP/1.1" 200 3072
185.220.101.5 - - [28/Apr/2026:10:52:36 +0200] "GET /vendor/phpunit HTTP/1.1" 404 48
192.168.56.11 - - [28/Apr/2026:10:52:57 +0200] "GET /status HTTP/1.1" 200 128
192.168.56.17 - - [28/Apr/2026:10:53:07 +0200] "GET /assets/app.js HTTP/1.1" 200 4096
192.168.56.65 - - [28/Apr/2026:10:53:21 +0200] "POST /login HTTP/1.1" 401 64
203.0.113.42 - - [28/Apr/2026:10:53:37 +0200] "GET /vendor/phpunit HTTP/1.1" 404 48
192.168.56.39 - - [28/Apr/2026:10:53:48 +0200] "POST /login HTTP/1.1" 401 64
192.168.56.19 - - [28/Apr/2026:10:54:05 +0200] "GET /search?q=server HTTP/1.1" 200 896
45.142.122.18 - - [28/Apr/2026:10:54:26 +0200] "GET /vendor/phpunit HTTP/1.1" 404 48
192.168.56.11 - - [28/Apr/2026:10:54:39 +0200] "GET /status HTTP/1.1" 200 128
91.218.114.72 - - [28/Apr/2026:10:54:51 +0200] "GET /server-status HTTP/1.1" 403 64
192.168.56.12 - - [28/Apr/2026:10:55:12 +0200] "GET /dashboard HTTP/1.1" 200 3072
192.168.56.10 - - [28/Apr/2026:10:55:28 +0200] "GET /api/users HTTP/1.1" 502 0
192.168.56.13 - - [28/Apr/2026:10:55:46 +0200] "GET /api/users HTTP/1.1" 502 0
192.168.56.55 - - [28/Apr/2026:10:55:56 +0200] "GET /api/users HTTP/1.1" 502 0
192.168.56.25 - - [28/Apr/2026:10:56:10 +0200] "GET /assets/app.js HTTP/1.1" 200 4096
192.168.56.11 - - [28/Apr/2026:10:56:27 +0200] "GET /status HTTP/1.1" 200 128
192.168.56.16 - - [28/Apr/2026:10:56:42 +0200] "GET /api/users HTTP/1.1" 502 0
192.168.56.10 - - [28/Apr/2026:10:57:00 +0200] "GET /api/users HTTP/1.1" 502 0
192.168.56.17 - - [28/Apr/2026:10:57:15 +0200] "GET /api/users HTTP/1.1" 200 1024
192.168.56.23 - - [28/Apr/2026:10:57:28 +0200] "GET / HTTP/1.1" 200 512
162.158.74.91 - - [28/Apr/2026:10:57:43 +0200] "GET /xmlrpc.php HTTP/1.1" 404 48
192.168.56.14 - - [28/Apr/2026:10:57:59 +0200] "GET /profile HTTP/1.1" 200 768
192.168.56.13 - - [28/Apr/2026:10:58:09 +0200] "GET /api/users HTTP/1.1" 502 0
192.168.56.20 - - [28/Apr/2026:10:58:28 +0200] "GET /api/users HTTP/1.1" 502 0
192.168.56.24 - - [28/Apr/2026:10:58:39 +0200] "GET /assets/app.css HTTP/1.1" 200 1024
192.168.56.10 - - [28/Apr/2026:10:58:57 +0200] "GET /assets/app.js HTTP/1.1" 200 4096
192.168.56.14 - - [28/Apr/2026:10:59:13 +0200] "GET /assets/app.css HTTP/1.1" 200 1024
185.220.101.5 - - [28/Apr/2026:10:59:30 +0200] "GET /admin HTTP/1.1" 404 48
192.168.56.20 - - [28/Apr/2026:10:59:46 +0200] "GET /api/items HTTP/1.1" 200 2048
192.168.56.22 - - [28/Apr/2026:11:00:06 +0200] "GET /api/items/42 HTTP/1.1" 200 1536
45.142.122.18 - - [28/Apr/2026:11:00:26 +0200] "GET /wp-login.php HTTP/1.1" 404 48
192.168.56.55 - - [28/Apr/2026:11:00:45 +0200] "GET /api/users HTTP/1.1" 502 0
192.168.56.19 - - [28/Apr/2026:11:01:05 +0200] "GET /api/items HTTP/1.1" 200 2048
45.142.122.18 - - [28/Apr/2026:11:01:18 +0200] "GET /config.json HTTP/1.1" 404 48
203.0.113.42 - - [28/Apr/2026:11:01:38 +0200] "GET /.env HTTP/1.1" 404 48
192.168.56.11 - - [28/Apr/2026:11:01:52 +0200] "GET /api/items/42 HTTP/1.1" 200 1536
192.168.56.10 - - [28/Apr/2026:11:02:02 +0200] "GET /api/users HTTP/1.1" 502 0
192.168.56.11 - - [28/Apr/2026:11:02:17 +0200] "GET /status HTTP/1.1" 200 128
192.168.56.11 - - [28/Apr/2026:11:02:30 +0200] "GET /status HTTP/1.1" 200 128
192.168.56.15 - - [28/Apr/2026:11:02:49 +0200] "GET /api/items HTTP/1.1" 200 2048
192.168.56.11 - - [28/Apr/2026:11:03:01 +0200] "GET /status HTTP/1.1" 200 128
192.168.56.17 - - [28/Apr/2026:11:03:20 +0200] "GET /profile HTTP/1.1" 200 768
192.168.56.11 - - [28/Apr/2026:11:03:39 +0200] "GET /status HTTP/1.1" 200 128
192.168.56.24 - - [28/Apr/2026:11:03:56 +0200] "GET /api/items HTTP/1.1" 200 2048
192.168.56.24 - - [28/Apr/2026:11:04:10 +0200] "GET /api/items HTTP/1.1" 200 2048
192.168.56.15 - - [28/Apr/2026:11:04:24 +0200] "GET /api/items HTTP/1.1" 200 2048
192.168.56.11 - - [28/Apr/2026:11:04:35 +0200] "GET /status HTTP/1.1" 200 128
192.168.56.19 - - [28/Apr/2026:11:04:50 +0200] "GET /api/users HTTP/1.1" 200 1024
192.168.56.11 - - [28/Apr/2026:11:05:04 +0200] "GET /status HTTP/1.1" 200 128
192.168.56.11 - - [28/Apr/2026:11:05:18 +0200] "GET /status HTTP/1.1" 200 128
192.168.56.13 - - [28/Apr/2026:11:05:34 +0200] "GET /api/items HTTP/1.1" 200 2048
192.168.56.11 - - [28/Apr/2026:11:05:50 +0200] "GET /status HTTP/1.1" 200 128
192.168.56.11 - - [28/Apr/2026:11:06:09 +0200] "GET /status HTTP/1.1" 200 128
192.168.56.11 - - [28/Apr/2026:11:06:23 +0200] "GET /status HTTP/1.1" 200 128
192.168.56.11 - - [28/Apr/2026:11:06:43 +0200] "GET /status HTTP/1.1" 200 128
192.168.56.11 - - [28/Apr/2026:11:06:53 +0200] "GET /status HTTP/1.1" 200 128
203.0.113.42 - - [28/Apr/2026:11:07:13 +0200] "GET /.aws/credentials HTTP/1.1" 404 48
192.168.56.19 - - [28/Apr/2026:11:07:30 +0200] "GET /api/items HTTP/1.1" 200 2048
192.168.56.17 - - [28/Apr/2026:11:07:49 +0200] "GET /api/items HTTP/1.1" 200 2048
192.168.56.11 - - [28/Apr/2026:11:08:08 +0200] "GET /status HTTP/1.1" 200 128
192.168.56.14 - - [28/Apr/2026:11:08:28 +0200] "GET /api/items HTTP/1.1" 200 2048
192.168.56.11 - - [28/Apr/2026:11:08:48 +0200] "GET /status HTTP/1.1" 200 128
192.168.56.19 - - [28/Apr/2026:11:09:08 +0200] "GET /api/items HTTP/1.1" 200 2048
192.168.56.11 - - [28/Apr/2026:11:09:25 +0200] "GET /status HTTP/1.1" 200 128
203.0.113.42 - - [28/Apr/2026:11:09:40 +0200] "GET /cgi-bin/test HTTP/1.1" 404 48
192.168.56.11 - - [28/Apr/2026:11:09:56 +0200] "GET /status HTTP/1.1" 200 128
185.220.101.5 - - [28/Apr/2026:11:10:08 +0200] "GET /server-status HTTP/1.1" 404 48
192.168.56.18 - - [28/Apr/2026:11:10:22 +0200] "GET /profile HTTP/1.1" 200 768
185.220.101.5 - - [28/Apr/2026:11:10:36 +0200] "GET /wp-admin/ HTTP/1.1" 404 48
192.168.56.14 - - [28/Apr/2026:11:10:53 +0200] "GET /api/items HTTP/1.1" 200 2048
45.142.122.18 - - [28/Apr/2026:11:11:13 +0200] "GET /server-status HTTP/1.1" 404 48
192.168.56.11 - - [28/Apr/2026:11:11:28 +0200] "GET /status HTTP/1.1" 200 128
192.168.56.11 - - [28/Apr/2026:11:11:44 +0200] "GET /status HTTP/1.1" 200 128
192.168.56.11 - - [28/Apr/2026:11:12:02 +0200] "GET /status HTTP/1.1" 200 128
192.168.56.18 - - [28/Apr/2026:11:12:17 +0200] "GET /api/items HTTP/1.1" 200 2048
192.168.56.11 - - [28/Apr/2026:11:12:36 +0200] "GET /status HTTP/1.1" 200 128
192.168.56.13 - - [28/Apr/2026:11:12:56 +0200] "GET /api/items HTTP/1.1" 200 2048
192.168.56.11 - - [28/Apr/2026:11:13:13 +0200] "GET /status HTTP/1.1" 200 128
192.168.56.11 - - [28/Apr/2026:11:13:31 +0200] "GET /status HTTP/1.1" 200 128
192.168.56.11 - - [28/Apr/2026:11:13:50 +0200] "GET /status HTTP/1.1" 200 128
192.168.56.24 - - [28/Apr/2026:11:14:01 +0200] "GET /api/items HTTP/1.1" 200 2048
192.168.56.13 - - [28/Apr/2026:11:14:15 +0200] "GET /api/items HTTP/1.1" 200 2048
192.168.56.11 - - [28/Apr/2026:11:14:27 +0200] "GET /status HTTP/1.1" 200 128
192.168.56.11 - - [28/Apr/2026:11:14:37 +0200] "GET /status HTTP/1.1" 200 128
192.168.56.11 - - [28/Apr/2026:11:14:54 +0200] "GET /status HTTP/1.1" 200 128
192.168.56.14 - - [28/Apr/2026:11:15:07 +0200] "GET /api/users HTTP/1.1" 200 1024
192.168.56.23 - - [28/Apr/2026:11:15:41 +0200] "GET /assets/app.js HTTP/1.1" 200 4096
192.168.56.25 - - [28/Apr/2026:11:16:14 +0200] "GET /favicon.ico HTTP/1.1" 404 32
192.168.56.18 - - [28/Apr/2026:11:16:47 +0200] "GET / HTTP/1.1" 200 512
192.168.56.10 - - [28/Apr/2026:11:17:18 +0200] "GET /profile HTTP/1.1" 200 768
192.168.56.13 - - [28/Apr/2026:11:17:45 +0200] "GET /api/items/42 HTTP/1.1" 200 1536
192.168.56.11 - - [28/Apr/2026:11:18:16 +0200] "GET /status HTTP/1.1" 200 128
192.168.56.10 - - [28/Apr/2026:11:18:44 +0200] "GET /assets/app.css HTTP/1.1" 200 1024
192.168.56.11 - - [28/Apr/2026:11:19:18 +0200] "GET /status HTTP/1.1" 200 128
192.168.56.68 - - [28/Apr/2026:11:19:44 +0200] "POST /login HTTP/1.1" 401 64
192.168.56.11 - - [28/Apr/2026:11:20:04 +0200] "GET /status HTTP/1.1" 200 128
192.168.56.10 - - [28/Apr/2026:11:20:34 +0200] "GET /assets/app.js HTTP/1.1" 200 4096
192.168.56.11 - - [28/Apr/2026:11:21:00 +0200] "GET /status HTTP/1.1" 200 128
192.168.56.44 - - [28/Apr/2026:11:21:26 +0200] "POST /login HTTP/1.1" 401 64
192.168.56.23 - - [28/Apr/2026:11:21:56 +0200] "GET /assets/logo.png HTTP/1.1" 304 0
192.168.56.10 - - [28/Apr/2026:11:22:16 +0200] "GET /assets/app.js HTTP/1.1" 200 4096
192.168.56.13 - - [28/Apr/2026:11:22:40 +0200] "POST /login HTTP/1.1" 200 256
192.168.56.10 - - [28/Apr/2026:11:23:03 +0200] "GET /favicon.ico HTTP/1.1" 404 32
192.168.56.11 - - [28/Apr/2026:11:23:27 +0200] "GET /status HTTP/1.1" 200 128
192.168.56.31 - - [28/Apr/2026:11:23:54 +0200] "POST /login HTTP/1.1" 401 64
192.168.56.10 - - [28/Apr/2026:11:24:19 +0200] "GET /assets/app.js HTTP/1.1" 200 4096
192.168.56.17 - - [28/Apr/2026:11:24:52 +0200] "POST /login HTTP/1.1" 200 256
192.168.56.14 - - [28/Apr/2026:11:25:14 +0200] "POST /login HTTP/1.1" 200 256
192.168.56.13 - - [28/Apr/2026:11:25:37 +0200] "POST /login HTTP/1.1" 200 256
192.168.56.23 - - [28/Apr/2026:11:25:58 +0200] "GET /assets/logo.png HTTP/1.1" 304 0
192.168.56.12 - - [28/Apr/2026:11:26:27 +0200] "POST /login HTTP/1.1" 200 256
192.168.56.22 - - [28/Apr/2026:11:26:48 +0200] "GET /api/users HTTP/1.1" 200 1024
192.168.56.15 - - [28/Apr/2026:11:27:11 +0200] "POST /login HTTP/1.1" 200 256
192.168.56.20 - - [28/Apr/2026:11:27:33 +0200] "GET /assets/app.js HTTP/1.1" 200 4096
192.168.56.11 - - [28/Apr/2026:11:27:55 +0200] "GET /status HTTP/1.1" 200 128
192.168.56.19 - - [28/Apr/2026:11:28:25 +0200] "GET /profile HTTP/1.1" 200 768
192.168.56.11 - - [28/Apr/2026:11:28:58 +0200] "GET /status HTTP/1.1" 200 128
192.168.56.16 - - [28/Apr/2026:11:29:21 +0200] "GET /api/users HTTP/1.1" 200 1024
192.168.56.23 - - [28/Apr/2026:11:29:55 +0200] "GET /api/items/42 HTTP/1.1" 200 1536
